// Jest Snapshot v1, https://goo.gl/fbAQLP

exports[`ipc match IPCEventNames 1`] = `
Object {
  "NEXT": "next",
  "PLAY_PAUSE": "play/pause",
  "PREV": "prev",
}
`;
